// Jest Snapshot v1, https://goo.gl/fbAQLP

exports[`<Header> Render Header view 1`] = `
<Header
  className="sc-AxjAm dJrOAM"
/>
`;
